23C/2/train_data.csv
销售日期,单品编码,单品名称,分类编码,分类名称,正常销量(千克),打折销量(千克),总销量(千克),正常销售单价(元/千克),打折销售单价(元/千克),平均销售单价(元/千克),批发价格(元/千克),成本加成率,损耗率(%)
2020-07-01,102900011006948,外地茼蒿,1011010101,花叶类,2.623,0.0,2.623,16.0,0.0,16.0,11.69,0.3686911890504705,26.16
2020-07-02,102900011006948,外地茼蒿,1011010101,花叶类,0.857,0.0,0.857,16.0,0.0,16.0,11.75,0.3617021276595745,26.16
2020-07-03,102900011006948,外地茼蒿,1011010101,花叶类,2.09,0.0,2.09,16.0,0.0,16.0,11.75,0.3617021276595745,26.16
2020-07-07,102900011006948,外地茼蒿,1011010101,花叶类,3.416,0.0,3.416,16.0,0.0,16.0,9.42,0.6985138004246285,26.16
2020-07-08,102900011006948,外地茼蒿,1011010101,花叶类,1.146,0.0,1.146,18.0,0.0,18.0,9.81,0.8348623853211008,26.16
2020-07-09,102900011006948,外地茼蒿,1011010101,花叶类,1.123,0.0,1.123,18.0,0.0,18.0,9.8,0.8367346938775508,26.16
2020-07-10,102900011006948,外地茼蒿,1011010101,花叶类,0.835,0.0,0.835,18.0,0.0,18.0,9.81,0.8348623853211008,26.16
2020-07-12,102900011006948,外地茼蒿,1011010101,花叶类,2.376,0.0,2.376,18.0,0.0,18.0,11.06,0.6274864376130198,26.16
2020-08-02,102900011006948,外地茼蒿,1011010101,花叶类,3.793,0.0,3.793,19.8,0.0,19.8,11.0,0.8,26.16
2020-08-03,102900011006948,外地茼蒿,1011010101,花叶类,3.244,0.0,3.244,19.8,0.0,19.8,11.05,0.7918552036199095,26.16
2020-08-04,102900011006948,外地茼蒿,1011010101,花叶类,1.642,0.0,1.642,19.8,0.0,19.8,11.02,0.796733212341198,26.16
2020-08-05,102900011006948,外地茼蒿,1011010101,花叶类,1.414,0.0,1.414,19.8,0.0,19.8,11.02,0.796733212341198,26.16
2020-08-06,102900011006948,外地茼蒿,1011010101,花叶类,2.302,0.0,2.302,19.8,0.0,19.8,11.02,0.796733212341198,26.16
2020-08-07,102900011006948,外地茼蒿,1011010101,花叶类,3.565,0.0,3.565,19.8,0.0,19.8,11.02,0.796733212341198,26.16
2020-08-08,102900011006948,外地茼蒿,1011010101,花叶类,2.964,0.0,2.964,19.8,0.0,19.8,11.0,0.8,26.16
2020-08-09,102900011006948,外地茼蒿,1011010101,花叶类,3.338,0.0,3.338,19.8,0.0,19.799999999999997,10.96,0.8065693430656931,26.16
2020-08-10,102900011006948,外地茼蒿,1011010101,花叶类,2.344,0.0,2.344,21.8,0.0,21.8,10.96,0.9890510948905108,26.16
2020-08-12,102900011006948,外地茼蒿,1011010101,花叶类,1.211,0.0,1.211,21.8,0.0,21.8,10.99,0.983621474067334,26.16
2020-08-14,102900011006948,外地茼蒿,1011010101,花叶类,3.971,0.0,3.971,21.8,0.0,21.8,13.09,0.6653934300993125,26.16
2020-08-15,102900011006948,外地茼蒿,1011010101,花叶类,4.105,0.0,4.105,21.8,0.0,21.8,13.14,0.6590563165905632,26.16
